1 1 E
3 3 N LOST
ERROR: Expected input, but none was found
