ERROR: Attempt to construct coordinate with out of range value
